{:ciphertext=>"ulafgqugucnmleieehcslhcwqlbfzsi qcm", :key=>"03726", :date=>"220894"}